<?xml version="1.0" encoding="utf-8"?><testsuites><testsuite name="pytest" errors="0" failures="0" skipped="0" tests="77" time="26.819" timestamp="2025-02-03T06:53:16.181121-08:00" hostname="imac.lan"><testcase classname="tests.test_ball" name="test_ball_initialization" time="1.163" /><testcase classname="tests.test_ball" name="test_ball_initial_direction" time="0.001" /><testcase classname="tests.test_ball" name="test_ball_movement" time="0.001" /><testcase classname="tests.test_ball" name="test_ball_reset" time="0.001" /><testcase classname="tests.test_ball" name="test_ball_top_boundary" time="0.001" /><testcase classname="tests.test_ball" name="test_ball_bottom_boundary" time="0.001" /><testcase classname="tests.test_ball" name="test_ball_paddle_collision" time="0.001" /><testcase classname="tests.test_ball" name="test_ball_paddle_collision_angle" time="0.001" /><testcase classname="tests.test_game" name="test_player_type_initialization" time="1.165" /><testcase classname="tests.test_game" name="test_game_initialization" time="0.133" /><testcase classname="tests.test_game" name="test_game_reset" time="0.151" /><testcase classname="tests.test_game" name="test_game_pause_toggle" time="0.147" /><testcase classname="tests.test_game" name="test_ball_paddle_collision" time="0.128" /><testcase classname="tests.test_game" name="test_ball_wall_collision" time="0.150" /><testcase classname="tests.test_game" name="test_scoring" time="0.164" /><testcase classname="tests.test_game" name="test_player_movement" time="1.821" /><testcase classname="tests.test_game" name="test_game_over_condition" time="0.205" /><testcase classname="tests.test_game" name="test_point_scored_reset" time="0.151" /><testcase classname="tests.test_game_loop" name="test_game_loop_initialization" time="0.129" /><testcase classname="tests.test_game_loop" name="test_handle_input_quit" time="0.115" /><testcase classname="tests.test_game_loop" name="test_handle_input_reset" time="0.127" /><testcase classname="tests.test_game_loop" name="test_update" time="0.126" /><testcase classname="tests.test_game_loop" name="test_draw" time="0.127" /><testcase classname="tests.test_game_loop" name="test_reset_game" time="0.126" /><testcase classname="tests.test_game_loop" name="test_run_integration" time="0.125" /><testcase classname="tests.test_game_loop" name="test_training_progress_logging" time="0.124" /><testcase classname="tests.test_game_loop" name="test_max_games_limit" time="9.468" /><testcase classname="tests.test_game_loop" name="test_game_state_matrix_updates" time="0.211" /><testcase classname="tests.test_game_loop" name="test_reset_delay_handling" time="0.115" /><testcase classname="tests.test_game_loop" name="test_paddle_movement_tracking" time="0.115" /><testcase classname="tests.test_game_loop" name="test_multiple_game_completions" time="0.116" /><testcase classname="tests.test_game_loop" name="test_ball_paddle_collision_during_update" time="0.115" /><testcase classname="tests.test_game_score" name="test_game_score_initialization" time="0.000" /><testcase classname="tests.test_game_score" name="test_increment_left_score" time="0.000" /><testcase classname="tests.test_game_score" name="test_increment_right_score" time="0.000" /><testcase classname="tests.test_game_score" name="test_multiple_score_increments" time="0.000" /><testcase classname="tests.test_game_score" name="test_reset_score" time="0.000" /><testcase classname="tests.test_game_score" name="test_get_scores" time="0.000" /><testcase classname="tests.test_game_score" name="test_check_winner" time="0.000" /><testcase classname="tests.test_game_score" name="test_draw_with_default_font" time="0.002" /><testcase classname="tests.test_game_score" name="test_draw_with_custom_font" time="0.001" /><testcase classname="tests.test_game_score" name="test_draw_score_positioning" time="0.000" /><testcase classname="tests.test_game_score" name="test_draw_score_text_content" time="0.000" /><testcase classname="tests.test_game_score" name="test_draw_high_scores" time="0.001" /><testcase classname="tests.test_game_score" name="test_draw_without_screen" time="0.002" /><testcase classname="tests.test_game_score" name="test_font_initialization_failure" time="0.001" /><testcase classname="tests.test_game_score" name="test_font_size_from_constants" time="0.001" /><testcase classname="tests.test_game_types" name="test_ball_state_initialization" time="0.000" /><testcase classname="tests.test_game_types" name="test_ball_state_custom_values" time="0.000" /><testcase classname="tests.test_game_types" name="test_paddle_state_initialization" time="0.000" /><testcase classname="tests.test_game_types" name="test_paddle_state_custom_values" time="0.000" /><testcase classname="tests.test_game_ui" name="test_headless_initialization" time="0.000" /><testcase classname="tests.test_game_ui" name="test_headless_draw_operations" time="0.001" /><testcase classname="tests.test_game_ui" name="test_pygame_initialization_failure" time="0.101" /><testcase classname="tests.test_game_ui" name="test_main_draw_method" time="9.380" /><testcase classname="tests.test_game_ui" name="test_draw_very_high_scores" time="0.001" /><testcase classname="tests.test_game_ui" name="test_invalid_winner_strings" time="0.001" /><testcase classname="tests.test_game_ui" name="test_score_positions" time="0.001" /><testcase classname="tests.test_game_ui" name="test_font_sizes" time="0.017" /><testcase classname="tests.test_game_ui" name="test_game_over_draw" time="0.006" /><testcase classname="tests.test_paddle" name="test_paddle_initialization" time="0.058" /><testcase classname="tests.test_paddle" name="test_paddle_move_up" time="0.000" /><testcase classname="tests.test_paddle" name="test_paddle_move_down" time="0.000" /><testcase classname="tests.test_paddle" name="test_paddle_top_boundary" time="0.000" /><testcase classname="tests.test_paddle" name="test_paddle_bottom_boundary" time="0.000" /><testcase classname="tests.test_paddle" name="test_paddle_continuous_movement" time="0.000" /><testcase classname="tests.test_paddle" name="test_paddle_ai_movement" time="0.000" /><testcase classname="tests.test_paddle" name="test_paddle_rect_updates" time="0.001" /><testcase classname="tests.test_player" name="test_human_player_initialization" time="0.000" /><testcase classname="tests.test_player" name="test_computer_player_initialization" time="0.001" /><testcase classname="tests.test_player" name="test_computer_player_no_movement_without_ball" time="0.000" /><testcase classname="tests.test_player" name="test_computer_player_follows_ball" time="0.001" /><testcase classname="tests.test_player" name="test_computer_player_stays_in_bounds" time="0.001" /><testcase classname="tests.test_player" name="test_computer_player_deadzone" time="0.001" /><testcase classname="tests.test_player" name="test_player_score_management" time="0.000" /><testcase classname="tests.test_player" name="test_human_player_movement" time="0.001" /><testcase classname="tests.test_player" name="test_computer_player_difficulty_reaction" time="0.001" /></testsuite></testsuites>